// Jest Snapshot v1, https://goo.gl/fbAQLP

exports[`Test in <MultipleCustomHooks /> Should show correctly 1`] = `
<div>
  <h1>
    BreakingBad Quotes
  </h1>
  <hr />
  <div
    className="alert alert-info text-center"
  >
    Loading...
  </div>
</div>
`;
