// Jest Snapshot v1, https://goo.gl/fbAQLP

exports[`Test in <RealRef /> Should show <MultipleCustomHooks /> component 1`] = `
<div>
  <h1>
    Real Example Ref Hook
  </h1>
  <hr />
  <button
    className="btn btn-primary mt-5"
    onClick={[Function]}
  >
    Show/Hide
  </button>
</div>
`;

exports[`Test in <RealRef /> Should show correctly 1`] = `
<div>
  <h1>
    Real Example Ref Hook
  </h1>
  <hr />
  <button
    className="btn btn-primary mt-5"
    onClick={[Function]}
  >
    Show/Hide
  </button>
</div>
`;
