// Jest Snapshot v1, https://goo.gl/fbAQLP

exports[`Test in <AppRouter /> Should show correctly 1`] = `
<div>
  <nav
    className="navbar navbar-expand-lg navbar-light bg-light"
  >
    <a
      className="navbar-brand"
      href="/"
      onClick={[Function]}
    >
      Navbar
    </a>
    <button
      aria-controls="navbarSupportedContent"
      aria-expanded="false"
      aria-label="Toggle navigation"
      className="navbar-toggler"
      data-target="#navbarSupportedContent"
      data-toggle="collapse"
      type="button"
    >
      <span
        className="navbar-toggler-icon"
      />
    </button>
    <div
      className="collapse navbar-collapse"
      id="navbarSupportedContent"
    >
      <ul
        className="navbar-nav mr-auto"
      >
        <li
          className="nav-item active"
        >
          <a
            activeclassname="active"
            aria-current="page"
            className="nav-link active"
            href="/"
            onClick={[Function]}
          >
            Home 
            <span
              className="sr-only"
            >
              (current)
            </span>
          </a>
        </li>
        <li
          className="nav-item"
        >
          <a
            activeclassname="active"
            className="nav-link"
            href="/login"
            onClick={[Function]}
          >
            Login
          </a>
        </li>
        <li
          className="nav-item"
        >
          <a
            activeclassname="active"
            className="nav-link"
            href="/about"
            onClick={[Function]}
          >
            About
          </a>
        </li>
      </ul>
    </div>
  </nav>
  <div>
    <h1>
      Home
    </h1>
    <hr />
    <pre>
      {
   "id": 1,
   "name": "USER"
}
    </pre>
  </div>
</div>
`;
